// Jest Snapshot v1, https://goo.gl/fbAQLP

exports[`Paging component renders Paging 1`] = `
<ContextProvider
  value={
    Object {
      "characters": Array [],
      "handlePage": [Function],
      "page": 1,
      "status": "alive",
      "toggle": [Function],
    }
  }
>
  <Paging />
</ContextProvider>
`;
